// Jest Snapshot v1, https://goo.gl/fbAQLP

exports[`AdvancedGridList Matches snapshot 1`] = `
<div
  className="makeStyles-root-1"
>
  <WithStyles(ForwardRef(GridList))
    cellHeight={200}
    className="makeStyles-gridList-2"
    spacing={1}
  />
</div>
`;
